// Jest Snapshot v1, https://goo.gl/fbAQLP

exports[`jsverify record printer produces a result 1`] = `
"jsc.record({
    field: true
});"
`;
